Running batch for 4 URLs via /dca/trigger...
Submitting batch job...
Batch job: j_mt5sv7vf1tjugpswjz (ETA: 2026-08-23T12:45:14.643Z)
Collecting (batch)...
Polling batch (attempt 1/900)
Polling batch (attempt 2/900)
Polling batch (attempt 3/900)
Polling batch (attempt 4/900)
Polling batch (attempt 5/900)
Polling batch (attempt 6/900)
Polling batch (attempt 7/900)
Polling batch (attempt 8/900)
Polling batch (attempt 9/900)
Polling batch (attempt 10/900)
Polling batch (attempt 11/900)
Polling batch (attempt 12/900)
Polling batch (attempt 13/900)
Polling batch (attempt 14/900)
Polling batch (attempt 15/900)
Polling batch (attempt 16/900)
Polling batch (attempt 17/900)
Polling batch (attempt 18/900)
Polling batch (attempt 19/900)
Polling batch (attempt 20/900)
Polling batch (attempt 21/900)
Polling batch (attempt 22/900)
Polling batch (attempt 23/900)
Polling batch (attempt 24/900)
Polling batch (attempt 25/900)
Output written to results/run_scraper/firms-small.json
