Triggering self-healing...
Healing scraper...
Step: planner — polling (attempt 1/900)
Step: planner — polling (attempt 2/900)
Step: planner — polling (attempt 3/900)
Step: planner — polling (attempt 4/900)
Step: control_preview_runner — polling (attempt 5/900)
Step: control_preview_runner — polling (attempt 6/900)
Step: control_preview_runner — polling (attempt 7/900)
Step: control_preview_runner — polling (attempt 8/900)
Step: control_preview_runner — polling (attempt 9/900)
Step: control_preview_runner — polling (attempt 10/900)
Step: control_preview_runner — polling (attempt 11/900)
Step: control_preview_runner — polling (attempt 12/900)
Step: control_preview_runner — polling (attempt 13/900)
Step: control_preview_runner — polling (attempt 14/900)
Step: control_preview_runner — polling (attempt 15/900)
Step: control_preview_runner — polling (attempt 16/900)
Step: control_preview_runner — polling (attempt 17/900)
Step: control_preview_runner — polling (attempt 18/900)
Step: control_preview_runner — polling (attempt 19/900)
Step: control_preview_runner — polling (attempt 20/900)
Step: control_preview_runner — polling (attempt 21/900)
Step: control_preview_runner — polling (attempt 22/900)
Step: control_preview_runner — polling (attempt 23/900)
Step: control_preview_runner — polling (attempt 24/900)
Step: control_preview_runner — polling (attempt 25/900)
Step: control_preview_runner — polling (attempt 26/900)
Step: control_preview_runner — polling (attempt 27/900)
Step: control_preview_runner — polling (attempt 28/900)
Step: control_preview_runner — polling (attempt 29/900)
Step: control_preview_runner — polling (attempt 30/900)
Step: control_preview_runner — polling (attempt 31/900)
Step: control_preview_runner — polling (attempt 32/900)
Step: control_preview_runner — polling (attempt 33/900)
Step: control_preview_runner — polling (attempt 34/900)
Step: control_preview_runner — polling (attempt 35/900)
Step: control_preview_runner — polling (attempt 36/900)
Step: control_preview_runner — polling (attempt 37/900)
Step: control_preview_runner — polling (attempt 38/900)
Step: control_preview_runner — polling (attempt 39/900)
Step: control_preview_runner — polling (attempt 40/900)
Step: control_preview_runner — polling (attempt 41/900)
Step: control_preview_runner — polling (attempt 42/900)
Step: control_preview_runner — polling (attempt 43/900)
Step: control_preview_runner — polling (attempt 44/900)
Step: control_preview_runner — polling (attempt 45/900)
Step: control_preview_runner — polling (attempt 46/900)
Step: control_preview_runner — polling (attempt 47/900)
Step: control_preview_runner — polling (attempt 48/900)
Step: code_fixer — polling (attempt 49/900)
Step: code_fixer — polling (attempt 50/900)
Step: code_fixer — polling (attempt 51/900)
Step: code_fixer — polling (attempt 52/900)
Step: code_fixer — polling (attempt 53/900)
Step: code_fixer — polling (attempt 54/900)
Step: code_fixer — polling (attempt 55/900)
Step: code_fixer — polling (attempt 56/900)
Step: code_fixer — polling (attempt 57/900)
Step: code_fixer — polling (attempt 58/900)
Step: code_fixer — polling (attempt 59/900)
Step: code_fixer — polling (attempt 60/900)
Step: code_fixer — polling (attempt 61/900)
Step: code_fixer — polling (attempt 62/900)
Step: code_fixer — polling (attempt 63/900)
Step: code_fixer — polling (attempt 64/900)
Step: code_fixer — polling (attempt 65/900)
Step: code_fixer — polling (attempt 66/900)
Step: code_fixer — polling (attempt 67/900)
Step: code_fixer — polling (attempt 68/900)
Step: code_fixer — polling (attempt 69/900)
Step: code_fixer — polling (attempt 70/900)
Step: code_fixer — polling (attempt 71/900)
Step: code_fixer — polling (attempt 72/900)
Step: code_fixer — polling (attempt 73/900)
Step: code_fixer — polling (attempt 74/900)
Step: code_fixer — polling (attempt 75/900)
Step: code_fixer — polling (attempt 76/900)
Step: code_fixer — polling (attempt 77/900)
Step: code_fixer — polling (attempt 78/900)
Step: code_fixer — polling (attempt 79/900)
Step: code_fixer — polling (attempt 80/900)
Step: code_fixer — polling (attempt 81/900)
Step: code_fixer — polling (attempt 82/900)
Step: code_fixer — polling (attempt 83/900)
Step: code_fixer — polling (attempt 84/900)
Step: code_fixer — polling (attempt 85/900)
Step: code_fixer — polling (attempt 86/900)
Step: code_fixer — polling (attempt 87/900)
Step: code_fixer — polling (attempt 88/900)
Step: code_fixer — polling (attempt 89/900)
Step: code_fixer — polling (attempt 90/900)
Step: code_fixer — polling (attempt 91/900)
Step: code_fixer — polling (attempt 92/900)
Step: code_fixer — polling (attempt 93/900)
Step: code_fixer — polling (attempt 94/900)
Step: code_fixer — polling (attempt 95/900)
Step: code_fixer — polling (attempt 96/900)
Step: code_fixer — polling (attempt 97/900)
Step: code_fixer — polling (attempt 98/900)
Step: code_fixer — polling (attempt 99/900)
Step: code_fixer — polling (attempt 100/900)
Step: code_fixer — polling (attempt 101/900)
Step: code_fixer — polling (attempt 102/900)
Step: code_fixer — polling (attempt 103/900)
Step: code_fixer — polling (attempt 104/900)
Step: code_fixer — polling (attempt 105/900)
Step: code_fixer — polling (attempt 106/900)
Step: code_fixer — polling (attempt 107/900)
Step: code_fixer — polling (attempt 108/900)
Step: code_fixer — polling (attempt 109/900)
Step: code_fixer — polling (attempt 110/900)
Step: code_fixer — polling (attempt 111/900)
Step: code_fixer — polling (attempt 112/900)
Step: code_fixer — polling (attempt 113/900)
Step: code_fixer — polling (attempt 114/900)
Step: code_fixer — polling (attempt 115/900)
Step: code_fixer — polling (attempt 116/900)
Step: code_fixer — polling (attempt 117/900)
Step: code_fixer — polling (attempt 118/900)
Step: code_fixer — polling (attempt 119/900)
Step: code_fixer — polling (attempt 120/900)
Step: code_fixer — polling (attempt 121/900)
Step: step_preview_runner — polling (attempt 122/900)
Step: step_preview_runner — polling (attempt 123/900)
Step: step_preview_runner — polling (attempt 124/900)
Step: request_fulfillment_validator — polling (attempt 125/900)
Step: request_fulfillment_validator — polling (attempt 126/900)
Step: request_fulfillment_validator — polling (attempt 127/900)
Step: request_fulfillment_validator — polling (attempt 128/900)
Step: request_fulfillment_validator — polling (attempt 129/900)
Done in 130 poll attempts.
Output written to results/heal_loop/bdo-heal.json
