Triggering self-healing...
Healing scraper...
Step: planner — polling (attempt 1/900)
Step: planner — polling (attempt 2/900)
Step: planner — polling (attempt 3/900)
Step: control_preview_runner — polling (attempt 4/900)
Step: code_fixer — polling (attempt 5/900)
Step: code_fixer — polling (attempt 6/900)
Step: code_fixer — polling (attempt 7/900)
Step: code_fixer — polling (attempt 8/900)
Step: code_fixer — polling (attempt 9/900)
Step: code_fixer — polling (attempt 10/900)
Step: code_fixer — polling (attempt 11/900)
Step: code_fixer — polling (attempt 12/900)
Step: code_fixer — polling (attempt 13/900)
Step: code_fixer — polling (attempt 14/900)
Step: code_fixer — polling (attempt 15/900)
Step: code_fixer — polling (attempt 16/900)
Step: code_fixer — polling (attempt 17/900)
Step: code_fixer — polling (attempt 18/900)
Step: code_fixer — polling (attempt 19/900)
Step: code_fixer — polling (attempt 20/900)
Step: code_fixer — polling (attempt 21/900)
Step: code_fixer — polling (attempt 22/900)
Step: code_fixer — polling (attempt 23/900)
Step: code_fixer — polling (attempt 24/900)
Step: code_fixer — polling (attempt 25/900)
Step: code_fixer — polling (attempt 26/900)
Step: code_fixer — polling (attempt 27/900)
Step: code_fixer — polling (attempt 28/900)
Step: code_fixer — polling (attempt 29/900)
Step: code_fixer — polling (attempt 30/900)
Step: code_fixer — polling (attempt 31/900)
Step: code_fixer — polling (attempt 32/900)
Step: code_fixer — polling (attempt 33/900)
Step: code_fixer — polling (attempt 34/900)
Step: code_fixer — polling (attempt 35/900)
Step: code_fixer — polling (attempt 36/900)
Step: code_fixer — polling (attempt 37/900)
Step: code_fixer — polling (attempt 38/900)
Step: code_fixer — polling (attempt 39/900)
Step: code_fixer — polling (attempt 40/900)
Step: code_fixer — polling (attempt 41/900)
Step: code_fixer — polling (attempt 42/900)
Step: code_fixer — polling (attempt 43/900)
Step: code_fixer — polling (attempt 44/900)
Step: step_preview_runner — polling (attempt 45/900)
Step: request_fulfillment_validator — polling (attempt 46/900)
Step: request_fulfillment_validator — polling (attempt 47/900)
Step: request_fulfillment_validator — polling (attempt 48/900)
Step: request_fulfillment_validator — polling (attempt 49/900)
Step: request_fulfillment_validator — polling (attempt 50/900)
