Triggering self-healing...
Healing scraper...
Step: planner — polling (attempt 1/900)
Step: planner — polling (attempt 2/900)
Step: planner — polling (attempt 3/900)
Step: planner — polling (attempt 4/900)
Step: planner — polling (attempt 5/900)
Step: planner — polling (attempt 6/900)
Step: planner — polling (attempt 7/900)
Step: planner — polling (attempt 8/900)
Step: planner — polling (attempt 9/900)
Step: planner — polling (attempt 10/900)
Step: planner — polling (attempt 11/900)
Step: planner — polling (attempt 12/900)
Step: control_preview_runner — polling (attempt 13/900)
Step: control_preview_runner — polling (attempt 14/900)
Step: control_preview_runner — polling (attempt 15/900)
Step: code_fixer — polling (attempt 16/900)
Step: code_fixer — polling (attempt 17/900)
Step: code_fixer — polling (attempt 18/900)
Step: code_fixer — polling (attempt 19/900)
Step: code_fixer — polling (attempt 20/900)
Step: code_fixer — polling (attempt 21/900)
Step: code_fixer — polling (attempt 22/900)
Step: code_fixer — polling (attempt 23/900)
Step: code_fixer — polling (attempt 24/900)
Step: code_fixer — polling (attempt 25/900)
Step: code_fixer — polling (attempt 26/900)
Step: code_fixer — polling (attempt 27/900)
Step: code_fixer — polling (attempt 28/900)
Step: code_fixer — polling (attempt 29/900)
Step: code_fixer — polling (attempt 30/900)
Step: code_fixer — polling (attempt 31/900)
Step: code_fixer — polling (attempt 32/900)
Step: code_fixer — polling (attempt 33/900)
Step: code_fixer — polling (attempt 34/900)
Step: code_fixer — polling (attempt 35/900)
Step: code_fixer — polling (attempt 36/900)
Step: code_fixer — polling (attempt 37/900)
Step: code_fixer — polling (attempt 38/900)
Step: code_fixer — polling (attempt 39/900)
Step: code_fixer — polling (attempt 40/900)
Step: code_fixer — polling (attempt 41/900)
Step: code_fixer — polling (attempt 42/900)
Step: code_fixer — polling (attempt 43/900)
Step: code_fixer — polling (attempt 44/900)
Step: code_fixer — polling (attempt 45/900)
Step: code_fixer — polling (attempt 46/900)
Step: code_fixer — polling (attempt 47/900)
Step: code_fixer — polling (attempt 48/900)
Step: code_fixer — polling (attempt 49/900)
Step: code_fixer — polling (attempt 50/900)
Step: code_fixer — polling (attempt 51/900)
Step: code_fixer — polling (attempt 52/900)
Step: code_fixer — polling (attempt 53/900)
Step: code_fixer — polling (attempt 54/900)
Step: code_fixer — polling (attempt 55/900)
Step: code_fixer — polling (attempt 56/900)
Step: code_fixer — polling (attempt 57/900)
Step: code_fixer — polling (attempt 58/900)
Step: code_fixer — polling (attempt 59/900)
Step: code_fixer — polling (attempt 60/900)
Step: code_fixer — polling (attempt 61/900)
Step: code_fixer — polling (attempt 62/900)
Step: code_fixer — polling (attempt 63/900)
Step: code_fixer — polling (attempt 64/900)
Step: code_fixer — polling (attempt 65/900)
Step: code_fixer — polling (attempt 66/900)
Step: code_fixer — polling (attempt 67/900)
Step: code_fixer — polling (attempt 68/900)
Step: code_fixer — polling (attempt 69/900)
Step: code_fixer — polling (attempt 70/900)
Step: code_fixer — polling (attempt 71/900)
Step: code_fixer — polling (attempt 72/900)
Step: code_fixer — polling (attempt 73/900)
Step: code_fixer — polling (attempt 74/900)
Step: code_fixer — polling (attempt 75/900)
Step: code_fixer — polling (attempt 76/900)
Step: code_fixer — polling (attempt 77/900)
Step: code_fixer — polling (attempt 78/900)
Step: code_fixer — polling (attempt 79/900)
Step: code_fixer — polling (attempt 80/900)
Step: code_fixer — polling (attempt 81/900)
Step: code_fixer — polling (attempt 82/900)
Step: code_fixer — polling (attempt 83/900)
Step: code_fixer — polling (attempt 84/900)
Step: code_fixer — polling (attempt 85/900)
Step: code_fixer — polling (attempt 86/900)
Step: code_fixer — polling (attempt 87/900)
Step: code_fixer — polling (attempt 88/900)
Step: code_fixer — polling (attempt 89/900)
Step: code_fixer — polling (attempt 90/900)
Step: code_fixer — polling (attempt 91/900)
Step: code_fixer — polling (attempt 92/900)
Step: code_fixer — polling (attempt 93/900)
Step: code_fixer — polling (attempt 94/900)
Step: code_fixer — polling (attempt 95/900)
Step: code_fixer — polling (attempt 96/900)
Step: code_fixer — polling (attempt 97/900)
Step: code_fixer — polling (attempt 98/900)
Step: code_fixer — polling (attempt 99/900)
Step: code_fixer — polling (attempt 100/900)
Step: code_fixer — polling (attempt 101/900)
Step: code_fixer — polling (attempt 102/900)
Step: code_fixer — polling (attempt 103/900)
Step: code_fixer — polling (attempt 104/900)
Step: code_fixer — polling (attempt 105/900)
Step: code_fixer — polling (attempt 106/900)
Step: code_fixer — polling (attempt 107/900)
Step: code_fixer — polling (attempt 108/900)
Step: code_fixer — polling (attempt 109/900)
Step: code_fixer — polling (attempt 110/900)
Step: code_fixer — polling (attempt 111/900)
Step: code_fixer — polling (attempt 112/900)
Step: code_fixer — polling (attempt 113/900)
Step: code_fixer — polling (attempt 114/900)
Step: code_fixer — polling (attempt 115/900)
Step: code_fixer — polling (attempt 116/900)
Step: code_fixer — polling (attempt 117/900)
Step: code_fixer — polling (attempt 118/900)
Step: code_fixer — polling (attempt 119/900)
Step: code_fixer — polling (attempt 120/900)
Step: code_fixer — polling (attempt 121/900)
Step: code_fixer — polling (attempt 122/900)
Step: code_fixer — polling (attempt 123/900)
Step: code_fixer — polling (attempt 124/900)
Step: code_fixer — polling (attempt 125/900)
Step: code_fixer — polling (attempt 126/900)
Step: code_fixer — polling (attempt 127/900)
Step: code_fixer — polling (attempt 128/900)
Step: code_fixer — polling (attempt 129/900)
Step: code_fixer — polling (attempt 130/900)
Step: code_fixer — polling (attempt 131/900)
Step: code_fixer — polling (attempt 132/900)
Step: code_fixer — polling (attempt 133/900)
Step: code_fixer — polling (attempt 134/900)
Step: code_fixer — polling (attempt 135/900)
Step: code_fixer — polling (attempt 136/900)
Step: code_fixer — polling (attempt 137/900)
Step: code_fixer — polling (attempt 138/900)
Step: code_fixer — polling (attempt 139/900)
Step: code_fixer — polling (attempt 140/900)
Step: code_fixer — polling (attempt 141/900)
Step: code_fixer — polling (attempt 142/900)
Step: code_fixer — polling (attempt 143/900)
Step: code_fixer — polling (attempt 144/900)
Step: code_fixer — polling (attempt 145/900)
Step: code_fixer — polling (attempt 146/900)
Step: code_fixer — polling (attempt 147/900)
Step: code_fixer — polling (attempt 148/900)
Step: code_fixer — polling (attempt 149/900)
Step: code_fixer — polling (attempt 150/900)
Step: code_fixer — polling (attempt 151/900)
Step: code_fixer — polling (attempt 152/900)
Step: code_fixer — polling (attempt 153/900)
Step: code_fixer — polling (attempt 154/900)
Step: code_fixer — polling (attempt 155/900)
Step: code_fixer — polling (attempt 156/900)
Step: code_fixer — polling (attempt 157/900)
Step: code_fixer — polling (attempt 158/900)
Step: code_fixer — polling (attempt 159/900)
Step: code_fixer — polling (attempt 160/900)
Step: code_fixer — polling (attempt 161/900)
Step: code_fixer — polling (attempt 162/900)
Step: code_fixer — polling (attempt 163/900)
Step: code_fixer — polling (attempt 164/900)
Step: code_fixer — polling (attempt 165/900)
Step: code_fixer — polling (attempt 166/900)
Step: code_fixer — polling (attempt 167/900)
Step: code_fixer — polling (attempt 168/900)
Step: code_fixer — polling (attempt 169/900)
Step: code_fixer — polling (attempt 170/900)
Step: code_fixer — polling (attempt 171/900)
Step: code_fixer — polling (attempt 172/900)
Step: code_fixer — polling (attempt 173/900)
Step: code_fixer — polling (attempt 174/900)
Step: code_fixer — polling (attempt 175/900)
Step: code_fixer — polling (attempt 176/900)
Step: code_fixer — polling (attempt 177/900)
Step: code_fixer — polling (attempt 178/900)
Step: code_fixer — polling (attempt 179/900)
Step: code_fixer — polling (attempt 180/900)
Step: code_fixer — polling (attempt 181/900)
Step: code_fixer — polling (attempt 182/900)
Step: code_fixer — polling (attempt 183/900)
Step: code_fixer — polling (attempt 184/900)
Step: code_fixer — polling (attempt 185/900)
Step: code_fixer — polling (attempt 186/900)
Step: code_fixer — polling (attempt 187/900)
Step: code_fixer — polling (attempt 188/900)
Step: code_fixer — polling (attempt 189/900)
Step: code_fixer — polling (attempt 190/900)
Step: code_fixer — polling (attempt 191/900)
Step: code_fixer — polling (attempt 192/900)
Step: code_fixer — polling (attempt 193/900)
Step: code_fixer — polling (attempt 194/900)
Step: code_fixer — polling (attempt 195/900)
Step: code_fixer — polling (attempt 196/900)
Step: code_fixer — polling (attempt 197/900)
Step: code_fixer — polling (attempt 198/900)
Step: code_fixer — polling (attempt 199/900)
Step: code_fixer — polling (attempt 200/900)
Step: code_fixer — polling (attempt 201/900)
Step: code_fixer — polling (attempt 202/900)
Step: code_fixer — polling (attempt 203/900)
Step: code_fixer — polling (attempt 204/900)
Step: code_fixer — polling (attempt 205/900)
Step: code_fixer — polling (attempt 206/900)
Step: code_fixer — polling (attempt 207/900)
Step: code_fixer — polling (attempt 208/900)
Step: code_fixer — polling (attempt 209/900)
Step: code_fixer — polling (attempt 210/900)
Step: code_fixer — polling (attempt 211/900)
Step: code_fixer — polling (attempt 212/900)
Step: code_fixer — polling (attempt 213/900)
Step: code_fixer — polling (attempt 214/900)
Step: code_fixer — polling (attempt 215/900)
Step: code_fixer — polling (attempt 216/900)
Step: code_fixer — polling (attempt 217/900)
Step: code_fixer — polling (attempt 218/900)
Step: code_fixer — polling (attempt 219/900)
Step: code_fixer — polling (attempt 220/900)
Step: code_fixer — polling (attempt 221/900)
Step: code_fixer — polling (attempt 222/900)
Step: code_fixer — polling (attempt 223/900)
Step: code_fixer — polling (attempt 224/900)
Step: code_fixer — polling (attempt 225/900)
