[20260823T143708Z] create name=marcum-insights url=https://www.marcumllp.com/insights
Creating scraper template...
Template created: c_mt5wv5lm2p2skgl1sa
Triggering AI generation...
Hit AI-Flow concurrent-job cap (429). Waiting 25s before retry 1/4...
Hit AI-Flow concurrent-job cap (429). Waiting 42s before retry 2/4...
Hit AI-Flow concurrent-job cap (429). Waiting 61s before retry 3/4...
Hit AI-Flow concurrent-job cap (429). Waiting 125s before retry 4/4...
Generating scraper...
Step: user_intent_analyzer — polling (attempt 1/600)
Step: user_intent_analyzer — polling (attempt 2/600)
Step: user_intent_analyzer — polling (attempt 3/600)
Step: user_intent_analyzer — polling (attempt 4/600)
Step: user_intent_analyzer — polling (attempt 5/600)
Step: user_intent_analyzer — polling (attempt 6/600)
Step: user_intent_analyzer — polling (attempt 7/600)
Step: user_intent_analyzer — polling (attempt 8/600)
Step: user_intent_analyzer — polling (attempt 9/600)
Step: user_intent_analyzer — polling (attempt 10/600)
Step: user_intent_analyzer — polling (attempt 11/600)
Step: user_intent_analyzer — polling (attempt 12/600)
Step: user_intent_analyzer — polling (attempt 13/600)
Step: user_intent_analyzer — polling (attempt 14/600)
Step: user_intent_analyzer — polling (attempt 15/600)
Step: user_intent_analyzer — polling (attempt 16/600)
Step: user_intent_analyzer — polling (attempt 17/600)
Step: user_intent_analyzer — polling (attempt 18/600)
Step: user_intent_analyzer — polling (attempt 19/600)
Step: user_intent_analyzer — polling (attempt 20/600)
Step: user_intent_analyzer — polling (attempt 21/600)
Step: user_intent_analyzer — polling (attempt 22/600)
Step: user_intent_analyzer — polling (attempt 23/600)
Step: user_intent_analyzer — polling (attempt 24/600)
Step: user_intent_analyzer — polling (attempt 25/600)
Step: user_intent_analyzer — polling (attempt 26/600)
Step: user_intent_analyzer — polling (attempt 27/600)
Step: user_intent_analyzer — polling (attempt 28/600)
Step: user_intent_analyzer — polling (attempt 29/600)
Step: user_intent_analyzer — polling (attempt 30/600)
Step: user_intent_analyzer — polling (attempt 31/600)
Step: user_intent_analyzer — polling (attempt 32/600)
Step: user_intent_analyzer — polling (attempt 33/600)
Step: user_intent_analyzer — polling (attempt 34/600)
Step: user_intent_analyzer — polling (attempt 35/600)
Step: user_intent_analyzer — polling (attempt 36/600)
Step: user_intent_analyzer — polling (attempt 37/600)
Step: user_intent_analyzer — polling (attempt 38/600)
Step: user_intent_analyzer — polling (attempt 39/600)
Step: user_intent_analyzer — polling (attempt 40/600)
Step: user_intent_analyzer — polling (attempt 41/600)
Step: user_intent_analyzer — polling (attempt 42/600)
Step: user_intent_analyzer — polling (attempt 43/600)
Step: user_intent_analyzer — polling (attempt 44/600)
Step: user_intent_analyzer — polling (attempt 45/600)
Step: user_intent_analyzer — polling (attempt 46/600)
Step: user_intent_analyzer — polling (attempt 47/600)
Step: user_intent_analyzer — polling (attempt 48/600)
Step: user_intent_analyzer — polling (attempt 49/600)
Step: user_intent_analyzer — polling (attempt 50/600)
Step: user_intent_analyzer — polling (attempt 51/600)
Step: user_intent_analyzer — polling (attempt 52/600)
Step: user_intent_analyzer — polling (attempt 53/600)
Step: user_intent_analyzer — polling (attempt 54/600)
Step: user_intent_analyzer — polling (attempt 55/600)
Step: user_intent_analyzer — polling (attempt 56/600)
Step: user_intent_analyzer — polling (attempt 57/600)
Step: user_intent_analyzer — polling (attempt 58/600)
Step: user_intent_analyzer — polling (attempt 59/600)
Step: user_intent_analyzer — polling (attempt 60/600)
Step: user_intent_analyzer — polling (attempt 61/600)
Step: user_intent_analyzer — polling (attempt 62/600)
Step: output_schema_generator — polling (attempt 63/600)
Step: output_schema_generator — polling (attempt 64/600)
Step: output_schema_generator — polling (attempt 65/600)
Step: output_schema_generator — polling (attempt 66/600)
Step: output_schema_generator — polling (attempt 67/600)
Step: output_schema_generator — polling (attempt 68/600)
Step: output_schema_generator — polling (attempt 69/600)
Step: code_generator — polling (attempt 70/600)
Step: code_generator — polling (attempt 71/600)
Step: code_generator — polling (attempt 72/600)
Step: code_generator — polling (attempt 73/600)
Step: code_generator — polling (attempt 74/600)
Step: code_generator — polling (attempt 75/600)
Step: code_generator — polling (attempt 76/600)
Step: code_generator — polling (attempt 77/600)
Step: code_generator — polling (attempt 78/600)
Step: code_generator — polling (attempt 79/600)
Step: code_generator — polling (attempt 80/600)
Step: code_generator — polling (attempt 81/600)
Step: code_generator — polling (attempt 82/600)
Step: preview_runner — polling (attempt 83/600)
Step: preview_runner — polling (attempt 84/600)
Step: preview_picker — polling (attempt 85/600)
Step: preview_picker — polling (attempt 86/600)
Step: preview_picker — polling (attempt 87/600)
Step: preview_picker — polling (attempt 88/600)
Step: preview_picker — polling (attempt 89/600)
Step: preview_picker — polling (attempt 90/600)
Step: preview_picker — polling (attempt 91/600)
Step: preview_picker — polling (attempt 92/600)
Step: preview_picker — polling (attempt 93/600)
Step: preview_picker — polling (attempt 94/600)
Step: preview_picker — polling (attempt 95/600)
Step: preview_picker — polling (attempt 96/600)
Step: preview_picker — polling (attempt 97/600)
Step: preview_picker — polling (attempt 98/600)
Step: preview_picker — polling (attempt 99/600)
Step: preview_picker — polling (attempt 100/600)
Step: preview_picker — polling (attempt 101/600)
Step: preview_picker — polling (attempt 102/600)
Step: preview_picker — polling (attempt 103/600)
Step: preview_picker — polling (attempt 104/600)
Step: preview_picker — polling (attempt 105/600)
Step: preview_picker — polling (attempt 106/600)
Step: preview_picker — polling (attempt 107/600)
Step: preview_picker — polling (attempt 108/600)
Step: preview_picker — polling (attempt 109/600)
Step: preview_picker — polling (attempt 110/600)
Step: preview_picker — polling (attempt 111/600)
Step: preview_picker — polling (attempt 112/600)
Step: preview_picker — polling (attempt 113/600)
Step: preview_picker — polling (attempt 114/600)
Step: preview_picker — polling (attempt 115/600)
Step: preview_picker — polling (attempt 116/600)
Step: preview_picker — polling (attempt 117/600)
Step: preview_picker — polling (attempt 118/600)
Step: preview_picker — polling (attempt 119/600)
Step: preview_picker — polling (attempt 120/600)
Step: preview_picker — polling (attempt 121/600)
Step: preview_picker — polling (attempt 122/600)
Step: preview_picker — polling (attempt 123/600)
Step: preview_picker — polling (attempt 124/600)
Step: preview_picker — polling (attempt 125/600)
Step: preview_picker — polling (attempt 126/600)
Step: preview_picker — polling (attempt 127/600)
Step: preview_picker — polling (attempt 128/600)
Step: preview_picker — polling (attempt 129/600)
Step: preview_picker — polling (attempt 130/600)
Step: preview_picker — polling (attempt 131/600)
Step: preview_picker — polling (attempt 132/600)
Step: preview_picker — polling (attempt 133/600)
Step: preview_picker — polling (attempt 134/600)
Step: preview_picker — polling (attempt 135/600)
Step: preview_picker — polling (attempt 136/600)
Step: preview_picker — polling (attempt 137/600)
Step: preview_picker — polling (attempt 138/600)
Step: preview_picker — polling (attempt 139/600)
Step: preview_picker — polling (attempt 140/600)
Step: preview_picker — polling (attempt 141/600)
Step: preview_picker — polling (attempt 142/600)
Step: preview_picker — polling (attempt 143/600)
Step: preview_picker — polling (attempt 144/600)
Step: preview_picker — polling (attempt 145/600)
Step: preview_picker — polling (attempt 146/600)
Step: preview_picker — polling (attempt 147/600)
Step: preview_picker — polling (attempt 148/600)
Step: preview_picker — polling (attempt 149/600)
Step: preview_picker — polling (attempt 150/600)
Step: preview_picker — polling (attempt 151/600)
Step: preview_picker — polling (attempt 152/600)
Step: preview_picker — polling (attempt 153/600)
Step: preview_picker — polling (attempt 154/600)
Step: preview_picker — polling (attempt 155/600)
Step: preview_picker — polling (attempt 156/600)
Step: preview_picker — polling (attempt 157/600)
Step: preview_picker — polling (attempt 158/600)
Step: preview_picker — polling (attempt 159/600)
Step: preview_picker — polling (attempt 160/600)
Step: preview_picker — polling (attempt 161/600)
Step: preview_picker — polling (attempt 162/600)
Step: preview_picker — polling (attempt 163/600)
Step: preview_picker — polling (attempt 164/600)
Step: preview_picker — polling (attempt 165/600)
Step: preview_picker — polling (attempt 166/600)
Step: preview_picker — polling (attempt 167/600)
Step: preview_picker — polling (attempt 168/600)
Step: preview_picker — polling (attempt 169/600)
Step: preview_picker — polling (attempt 170/600)
Step: preview_picker — polling (attempt 171/600)
Step: preview_picker — polling (attempt 172/600)
Step: preview_picker — polling (attempt 173/600)
Step: preview_picker — polling (attempt 174/600)
Step: preview_picker — polling (attempt 175/600)
Step: preview_picker — polling (attempt 176/600)
Step: preview_picker — polling (attempt 177/600)
Step: preview_picker — polling (attempt 178/600)
Step: preview_picker — polling (attempt 179/600)
Step: preview_picker — polling (attempt 180/600)
Step: preview_picker — polling (attempt 181/600)
Step: preview_picker — polling (attempt 182/600)
Step: preview_picker — polling (attempt 183/600)
Step: preview_picker — polling (attempt 184/600)
Step: preview_picker — polling (attempt 185/600)
Step: preview_picker — polling (attempt 186/600)
Step: preview_picker — polling (attempt 187/600)
Step: preview_picker — polling (attempt 188/600)
Step: preview_picker — polling (attempt 189/600)
Step: preview_picker — polling (attempt 190/600)
Step: preview_picker — polling (attempt 191/600)
Step: preview_picker — polling (attempt 192/600)
Step: preview_picker — polling (attempt 193/600)
Step: preview_picker — polling (attempt 194/600)
Step: preview_picker — polling (attempt 195/600)
Step: preview_picker — polling (attempt 196/600)
Step: preview_picker — polling (attempt 197/600)
Step: preview_picker — polling (attempt 198/600)
Step: preview_picker — polling (attempt 199/600)
Step: preview_picker — polling (attempt 200/600)
Step: preview_picker — polling (attempt 201/600)
Step: preview_picker — polling (attempt 202/600)
Step: preview_picker — polling (attempt 203/600)
Step: preview_picker — polling (attempt 204/600)
Step: preview_picker — polling (attempt 205/600)
Step: preview_picker — polling (attempt 206/600)
Step: preview_picker — polling (attempt 207/600)
Step: preview_picker — polling (attempt 208/600)
Step: preview_picker — polling (attempt 209/600)
Step: preview_picker — polling (attempt 210/600)
Step: preview_picker — polling (attempt 211/600)
Step: preview_picker — polling (attempt 212/600)
Step: preview_picker — polling (attempt 213/600)
Step: preview_picker — polling (attempt 214/600)
Step: preview_picker — polling (attempt 215/600)
Step: preview_picker — polling (attempt 216/600)
Step: preview_picker — polling (attempt 217/600)
Step: preview_picker — polling (attempt 218/600)
Step: preview_picker — polling (attempt 219/600)
Step: preview_picker — polling (attempt 220/600)
Done in 221 poll attempts.
Output written to results/create_collector/marcum-insights-20260823T143708Z.json
[20260823T144620Z] done name=marcum-insights file=results/create_collector/marcum-insights-20260823T143708Z.json
